ntuple: 0 games, 152 images over 18 tables, 226112313 params, alpha 1, cfg NetConfig { alphabet: Base, with_2x3: true, pos_2x3: false, staircase: true, diagonals: false, global: true, extra: 0, global2: false, stages: 1, stage_thresholds: [96, 768] }
PROG greedy 1 100 4139.0 4139 0 289
PROG greedy 2 100 5457.0 6775 0 439
PROG greedy 3 100 4424.0 2358 0 172
PROG greedy 4 100 4619.0 5204 0 345
PROG greedy 5 100 3873.8 893 0 92
PROG greedy 6 100 3281.0 317 0 34
PROG greedy 7 100 3004.3 1344 0 117
PROG greedy 8 100 2775.9 1177 0 107
PROG greedy 9 100 2576.3 980 0 88
PROG greedy 10 100 2508.0 1893 0 161
PROG greedy 11 100 2619.7 3737 0 247
PROG greedy 12 100 2715.8 3772 0 257
PROG greedy 13 100 2771.2 3437 0 245
PROG greedy 14 100 2981.3 5712 0 399
PROG greedy 15 100 3064.7 4232 0 303
PROG greedy 16 100 3107.2 3745 0 256
PROG greedy 17 100 3406.2 8190 0 558
PROG greedy 18 100 3346.9 2340 0 187
PROG greedy 19 100 3257.4 1646 0 145
PROG greedy 20 100 3214.4 2398 0 183
PROG greedy 21 100 3161.6 2105 0 177
PROG greedy 22 100 3199.9 4003 0 279
PROG greedy 23 100 3074.9 325 0 39
PROG greedy 24 100 2987.1 969 0 94
PROG greedy 25 100 3130.0 6558 0 437
PROG greedy 26 100 3018.4 230 0 27
PROG greedy 27 100 2917.5 294 0 37
PROG greedy 28 100 2963.1 4193 0 313
PROG greedy 29 100 2901.7 1182 0 107
PROG greedy 30 100 2884.2 2378 0 173
PROG greedy 31 100 2801.9 332 0 35
PROG greedy 32 100 2750.1 1144 0 96
PROG greedy 33 100 2688.0 703 0 74
PROG greedy 34 100 2655.8 1592 0 135
PROG greedy 35 100 2614.0 1192 0 110
PROG greedy 36 100 2663.7 4405 0 288
PROG greedy 37 100 2674.6 3066 0 226
PROG greedy 38 100 2671.2 2545 0 197
PROG greedy 39 100 2643.3 1584 0 138
PROG greedy 40 100 2589.1 476 0 45
PROG greedy 41 100 2532.8 281 0 27
PROG greedy 42 100 2493.7 890 0 88
PROG greedy 43 100 2449.9 608 0 65
PROG greedy 44 100 2425.6 1383 0 118
PROG greedy 45 100 2416.6 2019 0 166
PROG greedy 46 100 2377.3 609 0 61
PROG greedy 47 100 2356.9 1419 0 124
PROG greedy 48 100 2456.5 7140 0 465
PROG greedy 49 100 2460.3 2642 0 193
PROG greedy 50 100 2431.2 1003 0 98
PROG greedy 51 100 2387.7 214 0 27
PROG greedy 52 100 2371.2 1531 0 126
PROG greedy 53 100 2366.2 2105 0 153
PROG greedy 54 100 2351.6 1578 0 127
PROG greedy 55 100 2339.8 1702 0 144
PROG greedy 56 100 2407.3 6119 0 396
PROG greedy 57 100 2384.7 1121 0 111
PROG greedy 58 100 2391.0 2750 0 208
PROG greedy 59 100 2411.7 3611 0 274
PROG greedy 60 100 2426.1 3278 0 261
PROG greedy 61 100 2403.0 1017 0 90
PROG greedy 62 100 2440.8 4746 1 341
PROG greedy 63 100 2424.3 1401 1 119
PROG greedy 64 100 2402.9 1055 1 104
PROG greedy 65 100 2400.5 2246 1 180
PROG greedy 66 100 2402.2 2509 1 172
PROG greedy 67 100 2432.7 4451 1 318
PROG greedy 68 100 2422.2 1716 1 146
PROG greedy 69 100 2407.0 1375 1 117
PROG greedy 70 100 2396.3 1656 1 144
PROG greedy 71 100 2371.6 645 1 58
PROG greedy 72 100 2342.4 269 1 28
PROG greedy 73 100 2332.2 1593 1 137
PROG greedy 74 100 2330.6 2219 1 183
PROG greedy 75 100 2324.9 1898 1 139
PROG greedy 76 100 2314.5 1541 1 130
PROG greedy 77 100 2286.3 137 1 17
PROG greedy 78 100 2322.1 5084 1 384
PROG greedy 79 100 2320.6 2201 1 174
PROG greedy 80 100 2303.6 963 1 88
PROG greedy 81 100 2286.4 912 1 78
PROG greedy 82 100 2261.7 255 1 28
PROG greedy 83 100 2239.9 454 1 53
PROG greedy 84 100 2222.1 743 1 69
PROG greedy 85 100 2226.8 2624 1 177
PROG greedy 86 100 2246.3 3900 1 265
PROG greedy 87 100 2237.2 1458 1 121
PROG greedy 88 100 2245.7 2982 1 219
PROG greedy 89 100 2237.9 1555 1 126
PROG greedy 90 100 2239.8 2408 1 180
PROG greedy 91 100 2232.4 1563 1 142
PROG greedy 92 100 2234.8 2456 1 190
PROG greedy 93 100 2250.6 3709 1 253
PROG greedy 94 100 2244.8 1705 1 138
PROG greedy 95 100 2242.0 1979 1 165
PROG greedy 96 100 2277.2 5620 1 363
PROG greedy 97 100 2269.3 1505 1 137
PROG greedy 98 100 2287.6 4065 1 270
PROG greedy 99 100 2285.9 2122 1 160
PROG greedy 100 100 2280.6 1755 1 145
ntuple: 0 games, 152 images over 18 tables, 226112313 params, alpha 1, cfg NetConfig { alphabet: Base, with_2x3: true, pos_2x3: false, staircase: true, diagonals: false, global: true, extra: 0, global2: false, stages: 1, stage_thresholds: [96, 768] }
PROG d2-4x8 1 100 10234.0 10234 0 606
PROG d2-8x16 1 100 5137.0 5137 0 349
PROG d2-16x24 1 100 4847.0 4847 1 333
PROG d2-16x48 1 100 9979.0 9979 2 592
PROG d2-24x64 1 100 7745.0 7745 2 489
PROG d2-32x96 1 100 2969.0 2969 2 212
PROG d2-4x8 2 100 8437.0 6640 1 444
PROG d2-8x16 2 100 4835.5 4534 1 324
PROG d2-16x24 2 100 4496.5 4146 2 298
PROG d2-16x48 2 100 8211.0 6443 3 462
PROG d2-24x64 2 100 9005.5 10266 5 621
PROG d2-32x96 2 100 6617.5 10266 7 621
PROG d2-4x8 3 100 5726.7 306 1 31
PROG d2-8x16 3 100 3964.3 2222 1 169
PROG d2-16x24 3 100 6318.0 9961 3 570
PROG d2-16x48 3 100 5815.0 1023 4 88
PROG d2-24x64 3 100 6968.0 2893 6 210
PROG d2-32x96 3 100 5376.0 2893 8 210
PROG d2-4x8 4 100 5100.5 3222 1 225
PROG d2-8x16 4 100 4579.5 6425 2 408
PROG d2-16x24 4 100 4965.0 906 4 75
PROG d2-16x48 4 100 6526.2 8660 5 531
PROG d2-24x64 4 100 7708.0 9928 8 612
PROG d2-32x96 4 100 5117.8 4343 10 266
PROG d2-4x8 5 100 5237.2 5784 1 358
PROG d2-8x16 5 100 4033.2 1848 2 145
PROG d2-16x24 5 100 4091.4 597 4 68
PROG d2-16x48 5 100 6168.8 4739 6 291
PROG d2-24x64 5 100 6798.0 3158 10 227
PROG d2-32x96 5 100 4253.0 794 11 72
PROG d2-4x8 6 100 4912.7 3290 1 230
PROG d2-8x16 6 100 4345.5 5907 3 390
PROG d2-16x24 6 100 3453.0 261 4 30
PROG d2-16x48 6 100 6573.5 8597 8 537
PROG d2-24x64 6 100 6073.3 2450 11 173
PROG d2-32x96 6 100 4493.0 5693 14 355
PROG d2-4x8 7 100 4336.0 876 1 73
PROG d2-8x16 7 100 4060.7 2352 3 174
PROG d2-16x24 7 100 3297.7 2366 4 201
PROG d2-16x48 7 100 5828.9 1361 8 114
PROG d2-24x64 7 100 5473.4 1874 12 143
PROG d2-32x96 7 100 4713.6 6037 16 387
PROG d2-4x8 8 100 4016.8 1782 1 147
PROG d2-8x16 8 100 4025.1 3776 3 268
PROG d2-16x24 8 100 3479.5 4752 5 314
PROG d2-16x48 8 100 5509.0 3270 9 221
PROG d2-24x64 8 100 5165.6 3011 13 212
PROG d2-32x96 8 100 4382.8 2067 17 162
PROG d2-4x8 9 100 3949.2 3409 2 234
PROG d2-8x16 9 100 3996.9 3771 4 265
PROG d2-16x24 9 100 3324.9 2088 6 159
PROG d2-16x48 9 100 5922.7 9232 10 528
PROG d2-24x64 9 100 5156.3 5082 14 350
PROG d2-32x96 9 100 4460.4 5082 19 350
PROG d2-4x8 10 100 3627.6 733 2 68
PROG d2-8x16 10 100 3791.0 1938 4 151
PROG d2-16x24 10 100 3301.8 3094 6 214
PROG d2-16x48 10 100 5696.9 3665 11 237
PROG d2-24x64 10 100 5007.2 3665 15 237
PROG d2-32x96 10 100 4564.9 5505 21 346
PROG d2-4x8 11 100 3574.6 3045 2 214
PROG d2-8x16 11 100 3881.0 4781 5 342
PROG d2-16x24 11 100 3232.5 2539 7 187
PROG d2-16x48 11 100 5630.3 4964 12 333
PROG d2-24x64 11 100 4847.6 3252 17 231
PROG d2-32x96 11 100 4397.1 2719 23 191
PROG d2-4x8 12 100 3648.5 4461 2 309
PROG d2-8x16 12 100 3772.6 2580 5 191
PROG d2-16x24 12 100 3253.8 3488 8 260
PROG d2-16x48 12 100 5342.5 2177 13 183
PROG d2-24x64 12 100 4843.9 4803 18 312
PROG d2-32x96 12 100 4246.8 2594 24 179
PROG d2-4x8 13 100 3521.4 1996 2 173
PROG d2-8x16 13 100 3844.0 4701 5 334
PROG d2-16x24 13 100 3524.5 6773 9 435
PROG d2-16x48 13 100 5404.9 6154 14 411
PROG d2-24x64 13 100 4800.2 4275 19 297
PROG d2-32x96 13 100 4009.5 1161 25 96
PROG d2-4x8 14 100 3521.1 3517 2 257
PROG d2-8x16 14 100 3795.3 3162 6 232
PROG d2-16x24 14 100 3498.9 3167 10 240
PROG d2-16x48 14 100 5231.1 2972 15 218
PROG d2-24x64 14 100 4770.5 4385 21 313
PROG d2-32x96 14 100 4036.3 4385 27 313
PROG d2-4x8 15 100 3314.3 420 2 40
PROG d2-8x16 15 100 3775.3 3495 6 239
PROG d2-16x24 15 100 3451.3 2784 10 211
PROG d2-16x48 15 100 5139.9 3863 15 267
PROG d2-24x64 15 100 4813.1 5409 22 333
PROG d2-32x96 15 100 4174.6 6111 29 417
PROG d2-4x8 16 100 3257.1 2398 2 193
PROG d2-8x16 16 100 3686.9 2361 6 171
PROG d2-16x24 16 100 3615.6 6081 11 412
PROG d2-16x48 16 100 5078.1 4150 16 293
PROG d2-24x64 16 100 4749.9 3802 23 255
PROG d2-32x96 16 100 4196.3 4522 32 314
PROG d2-4x8 17 100 3299.2 3974 3 268
PROG d2-8x16 17 100 3883.6 7032 7 478
PROG d2-16x24 17 100 3482.2 1347 12 119
PROG d2-16x48 17 100 5023.3 4147 17 296
PROG d2-24x64 17 100 5133.6 11273 27 677
PROG d2-32x96 17 100 4224.7 4679 34 320
PROG d2-4x8 18 100 3208.2 1660 3 131
PROG d2-8x16 18 100 3860.3 3463 7 251
PROG d2-16x24 18 100 3466.2 3195 13 214
PROG d2-16x48 18 100 4801.3 1028 18 90
PROG d2-24x64 18 100 5075.8 4093 28 275
PROG d2-32x96 18 100 4217.4 4093 37 275
PROG d2-4x8 19 100 3099.5 1144 3 102
PROG d2-8x16 19 100 3896.5 4548 8 308
PROG d2-16x24 19 100 3368.7 1614 13 128
PROG d2-16x48 19 100 4621.2 1379 18 118
PROG d2-24x64 19 100 4875.3 1267 29 101
PROG d2-32x96 19 100 4062.1 1267 38 101
PROG d2-4x8 20 100 2992.1 951 3 93
PROG d2-8x16 20 100 3741.7 801 8 72
PROG d2-16x24 20 100 3396.9 3932 14 284
PROG d2-16x48 20 100 4771.8 7632 20 464
PROG d2-24x64 20 100 4813.9 3648 30 261
PROG d2-32x96 20 100 4181.7 6454 40 423
PROG d2-4x8 21 100 3167.4 6673 3 443
PROG d2-8x16 21 100 3863.9 6308 9 439
PROG d2-16x24 21 100 3244.1 188 14 25
PROG d2-16x48 21 100 4553.5 188 20 25
PROG d2-24x64 21 100 4593.7 188 30 25
PROG d2-32x96 21 100 3991.5 188 41 25
PROG d2-4x8 22 100 3086.2 1381 3 122
PROG d2-8x16 22 100 3857.1 3714 9 258
PROG d2-16x24 22 100 3391.0 6475 15 425
PROG d2-16x48 22 100 4395.1 1070 20 82
PROG d2-24x64 22 100 4576.7 4221 31 303
PROG d2-32x96 22 100 3868.0 1274 41 102
PROG d2-4x8 23 100 2977.3 583 3 55
PROG d2-8x16 23 100 3750.3 1401 9 113
PROG d2-16x24 23 100 3374.9 3022 16 205
PROG d2-16x48 23 100 4389.1 4257 21 298
PROG d2-24x64 23 100 4439.0 1409 31 122
PROG d2-32x96 23 100 3819.5 2753 42 201
PROG d2-4x8 24 100 3027.8 4189 3 286
PROG d2-8x16 24 100 3769.5 4211 10 307
PROG d2-16x24 24 100 3436.2 4846 17 345
PROG d2-16x48 24 100 4308.7 2458 21 184
PROG d2-24x64 24 100 4356.5 2458 32 184
PROG d2-32x96 24 100 3710.8 1211 43 106
PROG d2-4x8 25 100 3193.9 7179 4 442
PROG d2-8x16 25 100 3861.8 6077 10 415
PROG d2-16x24 25 100 3629.9 8279 18 506
PROG d2-16x48 25 100 4344.5 5204 22 365
PROG d2-24x64 25 100 4434.7 6312 34 403
PROG d2-32x96 25 100 3652.0 2239 45 190
PROG d2-4x8 26 100 3208.1 3564 4 258
PROG d2-8x16 26 100 3876.8 4253 11 291
PROG d2-16x24 26 100 3700.5 5465 19 329
PROG d2-16x48 26 100 4528.9 9139 24 574
PROG d2-24x64 26 100 4615.6 9139 37 574
PROG d2-32x96 26 100 3863.0 9139 48 574
PROG d2-4x8 27 100 3269.0 4851 4 334
PROG d2-8x16 27 100 3802.2 1862 11 161
PROG d2-16x24 27 100 3588.1 666 19 72
PROG d2-16x48 27 100 4496.4 3651 25 249
PROG d2-24x64 27 100 4612.1 4521 38 318
PROG d2-32x96 27 100 3887.4 4521 50 318
PROG d2-4x8 28 100 3414.1 7334 4 464
PROG d2-8x16 28 100 3688.1 607 11 59
PROG d2-16x24 28 100 3609.9 4197 20 298
PROG d2-16x48 28 100 4449.0 3171 26 218
PROG d2-24x64 28 100 4496.9 1385 39 109
PROG d2-32x96 28 100 3944.6 5489 52 356
PROG d2-4x8 29 100 3385.1 2572 5 205
PROG d2-8x16 29 100 3735.1 5051 12 347
PROG d2-16x24 29 100 3734.5 7224 21 441
PROG d2-16x48 29 100 4404.1 3147 26 228
PROG d2-24x64 29 100 4417.1 2184 39 162
PROG d2-32x96 29 100 3870.2 1788 53 148
PROG d2-4x8 30 100 3334.8 1876 5 157
PROG d2-8x16 30 100 3692.2 2449 12 176
PROG d2-16x24 30 100 3762.7 4582 22 299
PROG d2-16x48 30 100 4310.5 1596 27 132
PROG d2-24x64 30 100 4473.9 6121 41 362
PROG d2-32x96 30 100 3794.4 1596 54 132
PROG d2-4x8 31 100 3506.8 8666 5 527
PROG d2-8x16 31 100 3648.3 2329 12 163
PROG d2-16x24 31 100 3797.2 4830 23 315
PROG d2-16x48 31 100 4187.5 495 27 53
PROG d2-24x64 31 100 4345.5 495 41 53
PROG d2-32x96 31 100 3688.0 495 55 53
PROG d2-4x8 32 100 3431.3 1093 5 90
PROG d2-8x16 32 100 3686.5 4873 13 317
PROG d2-16x24 32 100 3807.7 4133 24 296
PROG d2-16x48 32 100 4104.4 1531 27 121
PROG d2-24x64 32 100 4339.7 4159 43 292
PROG d2-32x96 32 100 3720.8 4738 58 325
PROG d2-4x8 33 100 3393.3 2175 5 148
PROG d2-8x16 33 100 3622.7 1579 13 132
PROG d2-16x24 33 100 3923.2 7621 25 451
PROG d2-16x48 33 100 4289.3 10206 29 623
PROG d2-24x64 33 100 4305.7 3218 44 218
PROG d2-32x96 33 100 3743.1 4457 59 284
PROG d2-4x8 34 100 3321.5 954 5 80
PROG d2-8x16 34 100 3522.9 229 13 21
PROG d2-16x24 34 100 3918.2 3754 26 263
PROG d2-16x48 34 100 4218.0 1864 30 135
PROG d2-24x64 34 100 4189.4 350 44 38
PROG d2-32x96 34 100 3643.3 350 60 38
PROG d2-4x8 35 100 3357.7 4588 5 292
PROG d2-8x16 35 100 3436.1 486 13 46
PROG d2-16x24 35 100 3818.7 435 26 39
PROG d2-16x48 35 100 4165.1 2365 30 179
PROG d2-24x64 35 100 4137.3 2365 45 179
PROG d2-32x96 35 100 3642.7 3622 62 256
PROG d2-4x8 36 100 3313.6 1768 6 149
PROG d2-8x16 36 100 3408.4 2439 13 184
PROG d2-16x24 36 100 4010.8 10735 28 652
PROG d2-16x48 36 100 4227.3 6406 31 372
PROG d2-24x64 36 100 4233.1 7587 46 456
PROG d2-32x96 36 100 3702.4 5794 64 368
PROG d2-4x8 37 100 3495.8 10056 6 581
PROG d2-8x16 37 100 3348.5 1194 13 96
PROG d2-16x24 37 100 4071.1 6239 29 387
PROG d2-16x48 37 100 4180.6 2500 32 184
PROG d2-24x64 37 100 4166.7 1778 47 143
PROG d2-32x96 37 100 3647.4 1667 65 131
PROG d2-4x8 38 100 3432.3 1085 6 91
PROG d2-8x16 38 100 3617.8 13579 15 767
PROG d2-16x24 38 100 3992.1 1070 29 93
PROG d2-16x48 38 100 4251.4 6872 34 430
PROG d2-24x64 38 100 4185.8 4891 49 349
PROG d2-32x96 38 100 3680.2 4891 68 349
PROG d2-4x8 39 100 3381.4 1445 6 125
PROG d2-8x16 39 100 3582.2 2229 15 173
PROG d2-16x24 39 100 3900.0 402 29 42
PROG d2-16x48 39 100 4152.7 402 34 42
PROG d2-24x64 39 100 4088.8 402 49 42
PROG d2-32x96 39 100 3596.1 402 68 42
PROG d2-4x8 40 100 3458.8 6479 6 421
PROG d2-8x16 40 100 3741.8 9966 16 594
PROG d2-16x24 40 100 3833.1 1221 30 100
PROG d2-16x48 40 100 4137.8 3553 35 249
PROG d2-24x64 40 100 4069.8 3331 50 243
PROG d2-32x96 40 100 3525.2 759 68 76
PROG d2-4x8 41 100 3399.6 1030 6 94
PROG d2-8x16 41 100 3730.0 3262 16 258
PROG d2-16x24 41 100 3797.4 2370 30 168
PROG d2-16x48 41 100 4078.3 1699 35 137
PROG d2-24x64 41 100 3999.5 1186 50 97
PROG d2-32x96 41 100 3468.1 1186 69 97
PROG d2-4x8 42 100 3446.3 5362 7 345
PROG d2-8x16 42 100 3645.4 173 16 15
PROG d2-16x24 42 100 3718.8 499 30 41
PROG d2-16x48 42 100 3994.4 555 36 53
PROG d2-24x64 42 100 3917.5 555 51 53
PROG d2-32x96 42 100 3398.8 555 70 53
PROG d2-4x8 43 100 3500.9 5792 7 398
PROG d2-8x16 43 100 3630.0 2986 16 226
PROG d2-16x24 43 100 3705.1 3127 31 222
PROG d2-16x48 43 100 4091.7 8178 37 520
PROG d2-24x64 43 100 3941.1 4933 52 357
PROG d2-32x96 43 100 3356.6 1587 70 132
PROG d2-4x8 44 100 3509.4 3878 7 274
PROG d2-8x16 44 100 3699.9 6706 17 418
PROG d2-16x24 44 100 3700.4 3500 31 246
PROG d2-16x48 44 100 4087.6 3913 38 253
PROG d2-24x64 44 100 3898.9 2086 53 152
PROG d2-32x96 44 100 3314.3 1494 71 115
PROG d2-4x8 45 100 3531.8 4515 7 310
PROG d2-8x16 45 100 3661.2 1957 17 152
PROG d2-16x24 45 100 3671.5 2399 32 177
PROG d2-16x48 45 100 4060.6 2873 39 192
PROG d2-24x64 45 100 3876.1 2873 54 192
PROG d2-32x96 45 100 3304.5 2873 73 192
PROG d2-4x8 46 100 3496.5 1907 8 151
PROG d2-8x16 46 100 3589.5 365 17 40
PROG d2-16x24 46 100 3599.7 370 32 45
PROG d2-16x48 46 100 3980.4 370 39 45
PROG d2-24x64 46 100 3799.9 370 54 45
PROG d2-32x96 46 100 3240.7 370 73 45
PROG d2-4x8 47 100 3526.1 4889 8 317
PROG d2-8x16 47 100 3633.5 5655 18 391
PROG d2-16x24 47 100 3632.8 5154 33 343
PROG d2-16x48 47 100 4082.4 8776 40 539
PROG d2-24x64 47 100 3928.8 9856 57 557
PROG d2-32x96 47 100 3208.4 1722 74 138
PROG d2-4x8 48 100 3512.1 2856 8 190
PROG d2-8x16 48 100 3612.9 2644 18 174
PROG d2-16x24 48 100 3651.2 4517 34 321
PROG d2-16x48 48 100 4179.2 8728 42 539
PROG d2-24x64 48 100 3968.6 5839 58 379
PROG d2-32x96 48 100 3207.2 3153 76 217
PROG d2-4x8 49 100 3445.5 247 8 29
PROG d2-8x16 49 100 3543.9 234 18 26
PROG d2-16x24 49 100 3689.4 5521 35 370
PROG d2-16x48 49 100 4134.8 2005 42 171
PROG d2-24x64 49 100 3914.3 1310 59 100
PROG d2-32x96 49 100 3331.6 9303 80 544
PROG d2-4x8 50 100 3432.2 2783 8 216
PROG d2-8x16 50 100 3497.6 1227 18 105
PROG d2-16x24 50 100 3659.9 2218 36 165
PROG d2-16x48 50 100 4083.7 1580 43 143
PROG d2-24x64 50 100 4021.3 9265 62 563
PROG d2-32x96 50 100 3432.5 8376 84 511
PROG d2-4x8 51 100 3379.3 730 8 70
PROG d2-8x16 51 100 3583.0 7852 19 446
PROG d2-16x24 51 100 3620.9 1668 37 122
PROG d2-16x48 51 100 4094.1 4610 44 285
PROG d2-24x64 51 100 4120.0 9054 64 486
PROG d2-32x96 51 100 3437.6 3693 85 226
PROG d2-4x8 52 100 3365.0 2636 8 188
PROG d2-8x16 52 100 3549.7 1852 19 143
PROG d2-16x24 52 100 3643.1 4775 38 333
PROG d2-16x48 52 100 4089.4 3852 45 262
PROG d2-24x64 52 100 4123.7 4313 66 291
PROG d2-32x96 52 100 3417.5 2389 86 171
PROG d2-4x8 53 100 3332.0 1620 8 139
PROG d2-8x16 53 100 3619.7 7261 20 455
PROG d2-16x24 53 100 3584.0 514 38 54
PROG d2-16x48 53 100 4106.2 4980 46 350
PROG d2-24x64 53 100 4124.0 4138 67 268
PROG d2-32x96 53 100 3452.7 5284 88 370
PROG d2-4x8 54 100 3398.2 6907 9 416
PROG d2-8x16 54 100 3801.2 13422 21 762
PROG d2-16x24 54 100 3556.4 2093 38 171
PROG d2-16x48 54 100 4038.7 462 46 46
PROG d2-24x64 54 100 4119.4 3876 69 268
PROG d2-32x96 54 100 3458.1 3748 91 272
PROG d2-4x8 55 100 3473.4 7530 9 475
PROG d2-8x16 55 100 3795.6 3492 21 244
PROG d2-16x24 55 100 3634.5 7852 40 458
PROG d2-16x48 55 100 3984.8 1073 47 96
PROG d2-24x64 55 100 4082.5 2093 70 166
PROG d2-32x96 55 100 3446.3 2808 93 212
PROG d2-4x8 56 100 3483.3 4032 9 263
PROG d2-8x16 56 100 3763.4 1992 22 136
PROG d2-16x24 56 100 3585.6 897 40 64
PROG d2-16x48 56 100 3919.2 314 47 36
PROG d2-24x64 56 100 4015.2 314 71 36
PROG d2-32x96 56 100 3390.4 314 94 36
PROG d2-4x8 57 100 3467.6 2587 9 214
PROG d2-8x16 57 100 3856.7 9081 22 569
PROG d2-16x24 57 100 3726.2 11600 42 690
PROG d2-16x48 57 100 4041.6 10893 49 661
PROG d2-24x64 57 100 4143.2 11306 74 650
PROG d2-32x96 57 100 3371.7 2325 95 169
PROG d2-4x8 58 100 3509.2 5882 10 397
PROG d2-8x16 58 100 3859.1 3997 23 285
PROG d2-16x24 58 100 3688.4 1533 43 133
PROG d2-16x48 58 100 4089.9 6843 50 429
PROG d2-24x64 58 100 4125.5 3119 75 217
PROG d2-32x96 58 100 3442.8 7493 98 443
PROG d2-4x8 59 100 3486.9 2191 10 170
PROG d2-8x16 59 100 3802.3 505 23 57
PROG d2-16x24 59 100 3675.6 2934 43 229
PROG d2-16x48 59 100 4086.6 3895 51 280
PROG d2-24x64 59 100 4121.6 3895 77 280
PROG d2-32x96 59 100 3551.0 9828 101 564
PROG d2-4x8 60 100 3562.8 8041 10 507
PROG d2-8x16 60 100 3863.0 7446 23 477
PROG d2-16x24 60 100 3642.7 1701 44 146
PROG d2-16x48 60 100 4152.9 8064 53 478
PROG d2-24x64 60 100 4130.3 4644 78 297
PROG d2-32x96 60 100 3599.6 6465 105 400
PROG d2-4x8 61 100 3519.0 892 10 75
PROG d2-8x16 61 100 3822.6 1399 24 113
PROG d2-16x24 61 100 3608.7 1565 44 113
PROG d2-16x48 61 100 4088.9 248 53 22
PROG d2-24x64 61 100 4078.2 954 79 81
PROG d2-32x96 61 100 3556.2 954 105 81
PROG d2-4x8 62 100 3471.0 544 10 55
PROG d2-8x16 62 100 3828.5 4186 24 285
PROG d2-16x24 62 100 3592.9 2630 45 181
PROG d2-16x48 62 100 4058.5 2206 54 178
PROG d2-24x64 62 100 4037.5 1551 79 138
PROG d2-32x96 62 100 3534.4 2206 106 178
PROG d2-4x8 63 100 3494.2 4933 11 328
PROG d2-8x16 63 100 3783.5 995 24 88
PROG d2-16x24 63 100 3558.7 1438 45 120
PROG d2-16x48 63 100 4063.1 4349 55 294
PROG d2-24x64 63 100 4057.1 5272 81 335
PROG d2-32x96 63 100 3521.7 2734 108 201
PROG d2-4x8 64 100 3441.4 111 11 17
PROG d2-8x16 64 100 3726.0 103 24 16
PROG d2-16x24 64 100 3504.7 103 45 16
PROG d2-16x48 64 100 4001.2 103 55 16
PROG d2-24x64 64 100 3995.3 103 81 16
PROG d2-32x96 64 100 3468.3 103 108 16
PROG d2-4x8 65 100 3411.5 1499 11 127
PROG d2-8x16 65 100 3830.2 10500 25 650
PROG d2-16x24 65 100 3629.2 11601 47 651
PROG d2-16x48 65 100 4021.4 5309 56 363
PROG d2-24x64 65 100 4006.3 4712 83 314
PROG d2-32x96 65 100 3567.9 9945 113 579
PROG d2-4x8 66 100 3395.2 2336 11 179
PROG d2-8x16 66 100 3784.3 799 25 72
PROG d2-16x24 66 100 3584.2 653 47 70
PROG d2-16x48 66 100 3998.4 2508 57 184
PROG d2-24x64 66 100 4025.2 5253 84 329
PROG d2-32x96 66 100 3605.7 6059 116 408
PROG d2-4x8 67 100 3347.6 209 11 23
PROG d2-8x16 67 100 3842.3 7670 26 493
PROG d2-16x24 67 100 3541.6 730 48 69
PROG d2-16x48 67 100 3986.1 3170 57 250
PROG d2-24x64 67 100 4071.5 7128 87 421
PROG d2-32x96 67 100 3563.4 777 116 84
PROG d2-4x8 68 100 3325.4 1837 11 140
PROG d2-8x16 68 100 3847.8 4216 27 281
PROG d2-16x24 68 100 3590.9 6896 49 405
PROG d2-16x48 68 100 4011.7 5731 59 384
PROG d2-24x64 68 100 4043.6 2174 88 164
PROG d2-32x96 68 100 3581.3 4775 119 314
PROG d2-4x8 69 100 3407.9 9016 11 544
PROG d2-8x16 69 100 3882.9 6276 27 395
PROG d2-16x24 69 100 3623.4 5833 50 398
PROG d2-16x48 69 100 4026.1 5006 60 292
PROG d2-24x64 69 100 4029.5 3073 89 208
PROG d2-32x96 69 100 3641.0 7705 123 482
PROG d2-4x8 70 100 3442.4 5820 12 348
PROG d2-8x16 70 100 3879.0 3608 28 262
PROG d2-16x24 70 100 3610.8 2746 51 209
PROG d2-16x48 70 100 4015.8 3305 61 246
PROG d2-24x64 70 100 3992.2 1416 89 129
PROG d2-32x96 70 100 3609.2 1416 123 129
PROG d2-4x8 71 100 3444.4 3585 12 248
PROG d2-8x16 71 100 3840.8 1168 28 110
PROG d2-16x24 71 100 3637.1 5475 52 381
PROG d2-16x48 71 100 4092.0 9427 62 579
PROG d2-24x64 71 100 3977.3 2934 90 213
PROG d2-32x96 71 100 3621.4 4471 126 320
PROG d2-4x8 72 100 3429.2 2353 12 191
PROG d2-8x16 72 100 3856.7 4984 28 364
PROG d2-16x24 72 100 3604.4 1280 52 115
PROG d2-16x48 72 100 4053.0 1280 63 115
PROG d2-24x64 72 100 3939.8 1280 91 115
PROG d2-32x96 72 100 3588.9 1280 126 115
PROG d2-4x8 73 100 3390.9 631 12 56
PROG d2-8x16 73 100 3813.9 735 28 64
PROG d2-16x24 73 100 3606.6 3768 53 264
PROG d2-16x48 73 100 4147.3 10938 65 654
PROG d2-24x64 73 100 3927.4 3029 92 214
PROG d2-32x96 73 100 3581.2 3029 128 214
PROG d2-4x8 74 100 3368.7 1750 12 132
PROG d2-8x16 74 100 3789.5 2006 29 169
PROG d2-16x24 74 100 3618.2 4462 54 314
PROG d2-16x48 74 100 4122.8 2334 65 186
PROG d2-24x64 74 100 3928.9 4039 94 302
PROG d2-32x96 74 100 3633.1 7425 131 482
PROG d2-4x8 75 100 3368.5 3350 12 245
PROG d2-8x16 75 100 3768.6 2221 29 146
PROG d2-16x24 75 100 3698.1 9613 55 556
PROG d2-16x48 75 100 4091.8 1799 66 140
PROG d2-24x64 75 100 3900.5 1799 94 140
PROG d2-32x96 75 100 3675.1 6781 134 409
PROG d2-4x8 76 100 3372.1 3645 12 259
PROG d2-8x16 76 100 3763.2 3358 29 272
PROG d2-16x24 76 100 3675.2 1962 56 164
PROG d2-16x48 76 100 4107.7 5296 67 365
PROG d2-24x64 76 100 3931.3 6244 96 379
PROG d2-32x96 76 100 3697.8 5396 136 362
PROG d2-4x8 77 100 3364.4 2781 13 205
PROG d2-8x16 77 100 3748.3 2616 30 175
PROG d2-16x24 77 100 3659.3 2448 56 184
PROG d2-16x48 77 100 4066.1 906 67 86
PROG d2-24x64 77 100 3892.0 906 97 86
PROG d2-32x96 77 100 3661.5 906 137 86
PROG d2-4x8 78 100 3377.3 4367 13 292
PROG d2-8x16 78 100 3800.2 7794 30 459
PROG d2-16x24 78 100 3625.3 1007 57 84
PROG d2-16x48 78 100 4066.4 4092 69 277
PROG d2-24x64 78 100 3936.7 7379 99 466
PROG d2-32x96 78 100 3639.7 1961 139 157
PROG d2-4x8 79 100 3357.8 1839 13 147
PROG d2-8x16 79 100 3771.7 1548 30 132
PROG d2-16x24 79 100 3590.6 882 57 67
PROG d2-16x48 79 100 4064.1 3887 70 258
PROG d2-24x64 79 100 3938.6 4088 101 267
PROG d2-32x96 79 100 3642.9 3890 140 247
PROG d2-4x8 80 100 3325.4 765 13 68
PROG d2-8x16 80 100 3762.8 3063 31 230
PROG d2-16x24 80 100 3582.9 2977 57 228
PROG d2-16x48 80 100 4117.2 8310 71 505
PROG d2-24x64 80 100 3918.4 2317 101 177
PROG d2-32x96 80 100 3618.4 1686 141 134
PROG d2-4x8 81 100 3291.0 537 13 58
PROG d2-8x16 81 100 3770.3 4370 31 263
PROG d2-16x24 81 100 3540.1 112 58 14
PROG d2-16x48 81 100 4130.5 5196 72 317
PROG d2-24x64 81 100 3941.4 5784 103 399
PROG d2-32x96 81 100 3615.0 3344 143 246
PROG d2-4x8 82 100 3252.0 97 13 14
PROG d2-8x16 82 100 3808.7 6917 32 432
PROG d2-16x24 82 100 3527.3 2492 58 192
PROG d2-16x48 82 100 4145.0 5317 73 355
PROG d2-24x64 82 100 4030.1 11212 107 698
PROG d2-32x96 82 100 3607.2 2971 144 200
PROG d2-4x8 83 100 3217.4 382 13 37
PROG d2-8x16 83 100 3771.4 715 32 62
PROG d2-16x24 83 100 3552.1 5584 59 360
PROG d2-16x48 83 100 4116.7 1796 74 150
PROG d2-24x64 83 100 4020.9 3268 108 238
PROG d2-32x96 83 100 3585.3 1796 145 150
PROG d2-4x8 84 100 3245.4 5568 13 368
PROG d2-8x16 84 100 3802.3 6370 32 399
PROG d2-16x24 84 100 3518.9 767 59 72
PROG d2-16x48 84 100 4076.8 767 74 72
PROG d2-24x64 84 100 3982.1 767 108 72
PROG d2-32x96 84 100 3551.8 767 145 72
PROG d2-4x8 85 100 3259.3 4425 14 281
PROG d2-8x16 85 100 3840.5 7044 33 437
PROG d2-16x24 85 100 3488.4 927 59 70
PROG d2-16x48 85 100 4136.3 9132 76 556
PROG d2-24x64 85 100 4042.7 9132 111 556
PROG d2-32x96 85 100 3648.9 11810 150 664
PROG d2-4x8 86 100 3321.0 8568 14 516
PROG d2-8x16 86 100 3893.2 8375 34 509
PROG d2-16x24 86 100 3459.9 1037 60 79
PROG d2-16x48 86 100 4185.3 8348 77 505
PROG d2-24x64 86 100 4030.3 2974 111 217
PROG d2-32x96 86 100 3640.8 2949 151 197
PROG d2-4x8 87 100 3286.9 356 14 40
PROG d2-8x16 87 100 3882.2 2933 34 209
PROG d2-16x24 87 100 3570.1 13051 62 734
PROG d2-16x48 87 100 4160.7 2044 78 151
PROG d2-24x64 87 100 4091.7 9373 115 555
PROG d2-32x96 87 100 3705.4 9264 155 563
PROG d2-4x8 88 100 3262.6 1149 14 94
PROG d2-8x16 88 100 3976.7 12200 35 711
PROG d2-16x24 88 100 3547.4 1565 63 123
PROG d2-16x48 88 100 4196.1 7282 79 453
PROG d2-24x64 88 100 4148.2 9061 117 542
PROG d2-32x96 88 100 3720.2 5001 158 321
PROG d2-4x8 89 100 3266.7 3624 14 235
PROG d2-8x16 89 100 3945.2 1177 35 99
PROG d2-16x24 89 100 3546.6 3483 63 258
PROG d2-16x48 89 100 4166.6 1564 80 120
PROG d2-24x64 89 100 4139.2 3348 118 226
PROG d2-32x96 89 100 3768.9 8058 161 468
PROG d2-4x8 90 100 3257.2 2415 15 179
PROG d2-8x16 90 100 3909.5 727 36 62
PROG d2-16x24 90 100 3515.3 727 64 62
PROG d2-16x48 90 100 4125.2 441 80 41
PROG d2-24x64 90 100 4106.5 1199 118 103
PROG d2-32x96 90 100 3740.3 1199 162 103
PROG d2-4x8 91 100 3237.0 1416 15 116
PROG d2-8x16 91 100 3894.0 2499 36 195
PROG d2-16x24 91 100 3485.5 803 64 81
PROG d2-16x48 91 100 4127.9 4371 81 309
PROG d2-24x64 91 100 4161.7 9125 121 564
PROG d2-32x96 91 100 3786.8 7965 165 477
PROG d2-4x8 92 100 3233.8 2943 15 194
PROG d2-8x16 92 100 3910.3 5399 36 321
PROG d2-16x24 92 100 3458.2 971 64 91
PROG d2-16x48 92 100 4203.3 11066 83 693
PROG d2-24x64 92 100 4223.2 9825 123 590
PROG d2-32x96 92 100 3757.3 1072 166 89
PROG d2-4x8 93 100 3234.1 3259 15 234
PROG d2-8x16 93 100 3936.8 6368 37 395
PROG d2-16x24 93 100 3439.7 1743 65 134
PROG d2-16x48 93 100 4186.2 2612 84 213
PROG d2-24x64 93 100 4205.9 2612 125 213
PROG d2-32x96 93 100 3773.6 5281 168 347
PROG d2-4x8 94 100 3227.8 2643 15 183
PROG d2-8x16 94 100 3923.4 2678 37 198
PROG d2-16x24 94 100 3451.6 4552 66 317
PROG d2-16x48 94 100 4168.7 2548 85 205
PROG d2-24x64 94 100 4188.3 2548 126 205
PROG d2-32x96 94 100 3760.6 2548 170 205
PROG d2-4x8 95 100 3232.6 3682 15 264
PROG d2-8x16 95 100 3890.0 758 37 66
PROG d2-16x24 95 100 3457.9 4049 67 268
PROG d2-16x48 95 100 4176.9 4947 86 330
PROG d2-24x64 95 100 4152.2 758 126 66
PROG d2-32x96 95 100 3739.0 1710 171 144
PROG d2-4x8 96 100 3240.3 3976 15 270
PROG d2-8x16 96 100 3922.8 7039 38 456
PROG d2-16x24 96 100 3471.1 4731 68 317
PROG d2-16x48 96 100 4196.7 6078 87 392
PROG d2-24x64 96 100 4146.6 3623 127 251
PROG d2-32x96 96 100 3765.0 6230 174 445
PROG d2-4x8 97 100 3313.5 10341 16 609
PROG d2-8x16 97 100 3907.2 2409 38 177
PROG d2-16x24 97 100 3459.1 2303 68 168
PROG d2-16x48 97 100 4172.3 1827 88 158
PROG d2-24x64 97 100 4117.0 1275 129 111
PROG d2-32x96 97 100 3798.8 7048 177 448
PROG d2-4x8 98 100 3343.1 6211 16 379
PROG d2-8x16 98 100 4016.8 14642 39 840
PROG d2-16x24 98 100 3472.0 4724 70 327
PROG d2-16x48 98 100 4219.9 8837 90 521
PROG d2-24x64 98 100 4095.9 2048 130 168
PROG d2-32x96 98 100 3819.2 5798 180 371
PROG d2-4x8 99 100 3326.7 1721 16 137
PROG d2-8x16 99 100 3991.9 1557 40 130
PROG d2-16x24 99 100 3466.8 2962 70 202
PROG d2-16x48 99 100 4200.3 2277 90 170
PROG d2-24x64 99 100 4158.6 10302 133 618
PROG d2-32x96 99 100 3834.9 5372 182 356
PROG d2-4x8 100 100 3314.7 2121 16 154
PROG d2-8x16 100 100 3954.6 258 40 29
PROG d2-16x24 100 100 3434.7 258 70 29
PROG d2-16x48 100 100 4160.9 258 90 29
PROG d2-24x64 100 100 4119.6 258 133 29
PROG d2-32x96 100 100 3799.1 258 182 29
ntuple: 0 games, 152 images over 18 tables, 226112313 params, alpha 1, cfg NetConfig { alphabet: Base, with_2x3: true, pos_2x3: false, staircase: true, diagonals: false, global: true, extra: 0, global2: false, stages: 1, stage_thresholds: [96, 768] }
PROG d3-4444 1 100 4707.0 4707 3 322
PROG d3-8666 1 100 2650.0 2650 5 197
PROG d3-8888 1 100 1778.0 1778 6 149
PROG d3-16-12-8-8 1 100 3050.0 3050 30 238
PROG d4-4x4 1 100 9599.0 9599 46 553
PROG d3-4444 2 100 5108.5 5510 5 352
PROG d3-8666 2 100 3189.5 3729 12 267
PROG d3-8888 2 100 6039.5 10301 30 609
PROG d3-16-12-8-8 2 100 5124.0 7198 79 475
PROG d4-4x4 2 100 6598.0 3597 71 249
PROG d3-4444 3 100 4082.0 2029 6 176
PROG d3-8666 3 100 2492.0 1097 15 84
PROG d3-8888 3 100 5381.3 4065 47 274
PROG d3-16-12-8-8 3 100 6287.7 8615 126 495
PROG d4-4x4 3 100 6396.7 5994 96 394
PROG d3-4444 4 100 3893.8 3329 8 224
PROG d3-8666 4 100 2068.8 799 16 67
PROG d3-8888 4 100 4637.8 2407 55 176
PROG d3-16-12-8-8 4 100 4900.0 737 133 61
PROG d4-4x4 4 100 4884.8 349 99 35
PROG d3-4444 5 100 3300.2 926 9 88
PROG d3-8666 5 100 2130.8 2379 21 164
PROG d3-8888 5 100 4814.2 5520 67 351
PROG d3-16-12-8-8 5 100 4157.6 1188 144 97
PROG d4-4x4 5 100 4528.2 3102 113 206
PROG d3-4444 6 100 2790.3 241 9 28
PROG d3-8666 6 100 2304.3 3172 26 214
PROG d3-8888 6 100 4945.0 5599 83 386
PROG d3-16-12-8-8 6 100 3907.5 2657 170 199
PROG d4-4x4 6 100 3987.3 1283 121 99
PROG d3-4444 7 100 2933.3 3791 11 266
PROG d3-8666 7 100 2353.3 2647 31 195
PROG d3-8888 7 100 4265.3 187 84 25
PROG d3-16-12-8-8 7 100 4930.7 11070 217 657
PROG d4-4x4 7 100 3499.1 570 125 56
PROG d3-4444 8 100 2745.5 1431 11 120
PROG d3-8666 8 100 2151.4 738 32 59
PROG d3-8888 8 100 4345.6 4908 98 315
PROG d3-16-12-8-8 8 100 4623.5 2473 230 156
PROG d4-4x4 8 100 3551.5 3918 144 247
PROG d3-4444 9 100 3355.3 8234 14 481
PROG d3-8666 9 100 2060.3 1332 36 106
PROG d3-8888 9 100 4006.4 1293 103 104
PROG d3-16-12-8-8 9 100 4621.7 4607 262 281
PROG d4-4x4 9 100 3749.2 5331 172 344
PROG d3-4444 10 100 3517.5 4977 16 326
PROG d3-8666 10 100 2497.0 6427 44 372
PROG d3-8888 10 100 3718.1 1123 106 91
PROG d3-16-12-8-8 10 100 4351.3 1918 275 144
PROG d4-4x4 10 100 3536.0 1617 182 123
PROG d3-4444 11 100 3407.6 2309 17 162
PROG d3-8666 11 100 2551.5 3096 49 209
PROG d3-8888 11 100 3653.4 3006 114 209
PROG d3-16-12-8-8 11 100 4758.7 8833 326 516
PROG d4-4x4 11 100 3303.5 979 188 90
PROG d3-4444 12 100 3490.2 4398 19 304
PROG d3-8666 12 100 2488.4 1795 54 151
PROG d3-8888 12 100 3888.8 6478 131 395
PROG d3-16-12-8-8 12 100 5270.5 10900 378 604
PROG d4-4x4 12 100 3439.1 4930 215 303
PROG d3-4444 13 100 3658.2 5675 22 367
PROG d3-8666 13 100 3227.2 12092 70 697
PROG d3-8888 13 100 3799.2 2725 140 200
PROG d3-16-12-8-8 13 100 5021.2 2029 395 153
PROG d4-4x4 13 100 3466.8 3800 238 264
PROG d3-4444 14 100 3809.9 5781 24 362
PROG d3-8666 14 100 3371.6 5249 78 362
PROG d3-8888 14 100 3985.1 6402 160 405
PROG d3-16-12-8-8 14 100 4861.3 2783 415 209
PROG d4-4x4 14 100 3460.4 3377 261 237
PROG d3-4444 15 100 3751.5 2934 25 222
PROG d3-8666 15 100 3313.4 2499 81 183
PROG d3-8888 15 100 4048.9 4942 177 309
PROG d3-16-12-8-8 15 100 4776.8 3594 432 240
PROG d4-4x4 15 100 3472.2 3637 277 238
PROG d3-4444 16 100 4338.9 13151 30 752
PROG d3-8666 16 100 3409.2 4847 88 324
PROG d3-8888 16 100 4364.8 9103 199 556
PROG d3-16-12-8-8 16 100 4539.1 974 442 89
PROG d4-4x4 16 100 3614.7 5752 308 357
PROG d3-4444 17 100 4317.4 3973 32 263
PROG d3-8666 17 100 3432.2 3799 94 256
PROG d3-8888 17 100 4282.5 2965 208 196
PROG d3-16-12-8-8 17 100 4309.5 636 449 49
PROG d4-4x4 17 100 3945.0 9230 361 557
PROG d3-4444 18 100 4293.5 3887 34 256
PROG d3-8666 18 100 3451.6 3782 101 233
PROG d3-8888 18 100 4187.8 2579 213 194
PROG d3-16-12-8-8 18 100 4084.5 259 451 29
PROG d4-4x4 18 100 3999.8 4932 384 305
PROG d3-4444 19 100 4091.5 455 34 48
PROG d3-8666 19 100 3282.8 244 102 31
PROG d3-8888 19 100 4001.6 649 215 66
PROG d3-16-12-8-8 19 100 4061.2 3641 473 259
PROG d4-4x4 19 100 3941.0 2882 402 211
PROG d3-4444 20 100 3986.2 1986 35 175
PROG d3-8666 20 100 3452.8 6682 113 418
PROG d3-8888 20 100 3833.8 646 217 68
PROG d3-16-12-8-8 20 100 4437.4 11586 520 648
PROG d4-4x4 20 100 4192.2 8965 448 522
PROG d3-4444 21 100 4003.4 4347 37 302
PROG d3-8666 21 100 3490.1 4237 123 298
PROG d3-8888 21 100 3853.9 4256 231 292
PROG d3-16-12-8-8 21 100 4646.4 8827 557 527
PROG d4-4x4 21 100 4229.9 4984 478 315
PROG d3-4444 22 100 3830.8 206 37 26
PROG d3-8666 22 100 3596.7 5836 135 370
PROG d3-8888 22 100 4210.7 11704 261 664
PROG d3-16-12-8-8 22 100 4450.4 334 560 36
PROG d4-4x4 22 100 4400.0 7973 513 473
PROG d3-4444 23 100 3683.1 435 38 46
PROG d3-8666 23 100 3522.7 1894 138 139
PROG d3-8888 23 100 4043.9 373 263 39
PROG d3-16-12-8-8 23 100 4276.6 453 564 44
PROG d4-4x4 23 100 4550.7 7865 548 461
PROG d3-4444 24 100 3680.2 3614 39 250
PROG d3-8666 24 100 3410.4 828 139 76
PROG d3-8888 24 100 3943.7 1640 270 130
PROG d3-16-12-8-8 24 100 4559.8 11072 618 647
PROG d4-4x4 24 100 4416.5 1330 557 104
PROG d3-4444 25 100 3573.6 1014 40 104
PROG d3-8666 25 100 3487.9 5348 149 371
PROG d3-8888 25 100 3885.1 2479 276 162
PROG d3-16-12-8-8 25 100 4689.3 7798 656 499
PROG d4-4x4 25 100 4506.8 6674 586 429
PROG d3-4444 26 100 3486.4 1306 40 100
PROG d3-8666 26 100 3528.9 4553 155 273
PROG d3-8888 26 100 3811.3 1967 283 150
PROG d3-16-12-8-8 26 100 4887.1 9832 698 556
PROG d4-4x4 26 100 4676.9 8930 624 540
PROG d3-4444 27 100 3383.5 709 41 71
PROG d3-8666 27 100 3581.1 4938 162 344
PROG d3-8888 27 100 3873.4 5487 296 319
PROG d3-16-12-8-8 27 100 4918.0 5722 727 335
PROG d4-4x4 27 100 4709.2 5548 653 362
PROG d3-4444 28 100 3391.6 3611 42 256
PROG d3-8666 28 100 3484.2 869 164 76
PROG d3-8888 28 100 3819.8 2373 301 185
PROG d3-16-12-8-8 28 100 4882.7 3929 749 265
PROG d4-4x4 28 100 4651.4 3091 673 229
PROG d3-4444 29 100 3304.3 860 43 77
PROG d3-8666 29 100 3539.5 5087 171 339
PROG d3-8888 29 100 3874.3 5399 314 342
PROG d3-16-12-8-8 29 100 4758.2 1274 758 98
PROG d4-4x4 29 100 4775.6 8254 710 489
PROG d3-4444 30 100 3218.9 742 43 62
PROG d3-8666 30 100 3519.5 2939 176 199
PROG d3-8888 30 100 3969.8 6741 326 386
PROG d3-16-12-8-8 30 100 4704.3 3139 777 210
PROG d4-4x4 30 100 4755.8 4180 729 263
PROG d3-4444 31 100 3153.9 1202 44 101
PROG d3-8666 31 100 3529.5 3829 181 238
PROG d3-8888 31 100 3906.6 2009 331 150
PROG d3-16-12-8-8 31 100 4569.2 517 779 40
PROG d4-4x4 31 100 4781.1 5541 758 369
PROG d3-4444 32 100 3262.8 6640 46 398
PROG d3-8666 32 100 3470.6 1646 185 127
PROG d3-8888 32 100 3929.8 4648 345 311
PROG d3-16-12-8-8 32 100 4463.8 1198 789 92
PROG d4-4x4 32 100 4715.5 2683 772 183
PROG d3-4444 33 100 3328.2 5420 48 367
PROG d3-8666 33 100 3501.7 4498 192 293
PROG d3-8888 33 100 3822.3 385 347 42
PROG d3-16-12-8-8 33 100 4583.3 8407 827 523
PROG d4-4x4 33 100 4588.5 522 775 48
PROG d3-4444 34 100 3277.5 1604 49 128
PROG d3-8666 34 100 3470.0 2422 198 180
PROG d3-8888 34 100 3801.8 3124 357 206
PROG d3-16-12-8-8 34 100 4717.5 9146 866 584
PROG d4-4x4 34 100 4520.4 2274 786 163
PROG d3-4444 35 100 3198.9 527 49 51
PROG d3-8666 35 100 3602.0 8092 210 520
PROG d3-8888 35 100 3877.7 6458 367 443
PROG d3-16-12-8-8 35 100 4688.6 3704 892 235
PROG d4-4x4 35 100 4395.9 165 787 20
PROG d3-4444 36 100 3185.5 2717 50 184
PROG d3-8666 36 100 3535.8 1218 212 111
PROG d3-8888 36 100 3816.3 1669 373 131
PROG d3-16-12-8-8 36 100 4707.6 5375 915 360
PROG d4-4x4 36 100 4277.1 118 788 16
PROG d3-4444 37 100 3111.5 447 51 46
PROG d3-8666 37 100 3514.6 2750 216 205
PROG d3-8888 37 100 3995.6 10450 391 572
PROG d3-16-12-8-8 37 100 4690.4 4071 935 270
PROG d4-4x4 37 100 4213.0 1906 802 151
PROG d3-4444 38 100 3115.6 3269 52 242
PROG d3-8666 38 100 3461.9 1515 219 132
PROG d3-8888 38 100 3915.5 951 394 81
PROG d3-16-12-8-8 38 100 4578.2 427 941 40
PROG d4-4x4 38 100 4158.6 2146 815 168
PROG d3-4444 39 100 3117.0 3169 53 227
PROG d3-8666 39 100 3484.4 4336 227 284
PROG d3-8888 39 100 3934.1 4641 405 313
PROG d3-16-12-8-8 39 100 4546.3 3333 959 209
PROG d4-4x4 39 100 4117.6 2557 831 208
PROG d3-4444 40 100 3047.5 338 54 37
PROG d3-8666 40 100 3418.0 831 228 79
PROG d3-8888 40 100 3856.2 818 407 69
PROG d3-16-12-8-8 40 100 4469.3 1465 972 110
PROG d4-4x4 40 100 4074.3 2388 847 181
PROG d3-4444 41 100 3071.2 4018 55 268
PROG d3-8666 41 100 3505.4 7001 238 438
PROG d3-8888 41 100 3914.0 6225 424 390
PROG d3-16-12-8-8 41 100 4624.0 10813 1020 592
PROG d4-4x4 41 100 4175.0 8204 878 457
PROG d3-4444 42 100 3184.6 7833 58 475
PROG d3-8666 42 100 3425.5 151 238 15
PROG d3-8888 42 100 3909.5 3724 433 248
PROG d3-16-12-8-8 42 100 4565.5 2169 1033 157
PROG d4-4x4 42 100 4192.4 4904 897 314
PROG d3-4444 43 100 3125.3 635 58 62
PROG d3-8666 43 100 3388.4 1830 241 146
PROG d3-8888 43 100 3846.9 1218 436 100
PROG d3-16-12-8-8 43 100 4551.2 3949 1064 257
PROG d4-4x4 43 100 4132.6 1622 906 122
PROG d3-4444 44 100 3086.6 1422 59 113
PROG d3-8666 44 100 3315.3 170 242 21
PROG d3-8888 44 100 3766.7 320 437 30
PROG d3-16-12-8-8 44 100 4533.8 3785 1079 236
PROG d4-4x4 44 100 4068.0 1288 910 105
PROG d3-4444 45 100 3050.8 1476 59 125
PROG d3-8666 45 100 3285.6 1980 244 164
PROG d3-8888 45 100 3710.4 1234 440 107
PROG d3-16-12-8-8 45 100 4509.8 3453 1094 232
PROG d4-4x4 45 100 3989.8 549 912 58
PROG d3-4444 46 100 3007.3 1051 60 95
PROG d3-8666 46 100 3230.4 747 245 79
PROG d3-8888 46 100 3643.8 644 442 64
PROG d3-16-12-8-8 46 100 4561.7 6898 1131 414
PROG d4-4x4 46 100 3993.4 4155 931 267
PROG d3-4444 47 100 3032.3 4180 61 279
PROG d3-8666 47 100 3227.9 3113 251 216
PROG d3-8888 47 100 3626.7 2841 452 219
PROG d3-16-12-8-8 47 100 4551.9 4103 1157 280
PROG d4-4x4 47 100 3986.2 3658 952 239
PROG d3-4444 48 100 3013.2 2120 62 156
PROG d3-8666 48 100 3192.9 1547 252 144
PROG d3-8888 48 100 3692.1 6767 467 433
PROG d3-16-12-8-8 48 100 4524.4 3229 1172 222
PROG d4-4x4 48 100 3963.0 2870 965 197
PROG d3-4444 49 100 3040.7 4360 64 296
PROG d3-8666 49 100 3268.9 6917 260 403
PROG d3-8888 49 100 3793.5 8662 488 536
PROG d3-16-12-8-8 49 100 4506.8 3662 1191 254
PROG d4-4x4 49 100 4024.9 6999 998 392
PROG d3-4444 50 100 3099.1 5959 66 403
PROG d3-8666 50 100 3217.7 706 262 69
PROG d3-8888 50 100 3841.3 6184 506 432
PROG d3-16-12-8-8 50 100 4545.7 6454 1227 410
PROG d4-4x4 50 100 3962.8 918 1007 95
PROG d3-4444 51 100 3068.5 1539 67 117
PROG d3-8666 51 100 3190.6 1839 266 118
PROG d3-8888 51 100 3832.7 3400 515 222
PROG d3-16-12-8-8 51 100 4482.8 1335 1235 93
PROG d4-4x4 51 100 3940.7 2835 1021 206
PROG d3-4444 52 100 3105.5 4991 69 332
PROG d3-8666 52 100 3312.1 9507 276 571
PROG d3-8888 52 100 3777.2 945 518 82
PROG d3-16-12-8-8 52 100 4493.2 5027 1262 352
PROG d4-4x4 52 100 3886.1 1100 1027 92
PROG d3-4444 53 100 3067.1 1070 70 88
PROG d3-8666 53 100 3378.2 6815 289 422
PROG d3-8888 53 100 3808.0 5410 533 348
PROG d3-16-12-8-8 53 100 4433.7 1339 1272 111
PROG d4-4x4 53 100 3984.6 9111 1066 542
PROG d3-4444 54 100 3083.8 3972 71 265
PROG d3-8666 54 100 3324.8 493 290 49
PROG d3-8888 54 100 3790.2 2850 543 190
PROG d3-16-12-8-8 54 100 4371.4 1067 1280 83
PROG d4-4x4 54 100 3944.2 1799 1077 156
PROG d3-4444 55 100 3150.8 6768 74 446
PROG d3-8666 55 100 3277.5 728 292 78
PROG d3-8888 55 100 3798.4 4242 555 278
PROG d3-16-12-8-8 55 100 4403.8 6156 1312 382
PROG d4-4x4 55 100 3956.1 4599 1098 289
PROG d3-4444 56 100 3117.9 1305 74 101
PROG d3-8666 56 100 3240.0 1174 295 89
PROG d3-8888 56 100 3851.4 6766 575 393
PROG d3-16-12-8-8 56 100 4338.0 719 1320 60
PROG d4-4x4 56 100 3903.3 1003 1106 82
PROG d3-4444 57 100 3115.3 2971 75 216
PROG d3-8666 57 100 3279.4 5487 303 368
PROG d3-8888 57 100 3825.8 2393 582 173
PROG d3-16-12-8-8 57 100 4302.1 2293 1342 165
PROG d4-4x4 57 100 3849.5 835 1114 87
PROG d3-4444 58 100 3069.0 431 76 44
PROG d3-8666 58 100 3260.4 2176 306 169
PROG d3-8888 58 100 3824.4 3744 594 258
PROG d3-16-12-8-8 58 100 4285.0 3310 1360 231
PROG d4-4x4 58 100 3844.1 3534 1132 253
PROG d3-4444 59 100 3036.1 1125 76 114
PROG d3-8666 59 100 3247.4 2494 311 172
PROG d3-8888 59 100 3809.5 2942 606 210
PROG d3-16-12-8-8 59 100 4231.4 1121 1373 98
PROG d4-4x4 59 100 3917.6 8182 1168 493
PROG d3-4444 60 100 3003.4 1079 77 101
PROG d3-8666 60 100 3211.6 1100 315 94
PROG d3-8888 60 100 3932.7 11202 628 658
PROG d3-16-12-8-8 60 100 4332.0 10269 1433 584
PROG d4-4x4 60 100 3906.6 3258 1193 228
PROG d3-4444 61 100 2960.2 368 77 34
PROG d3-8666 61 100 3172.8 844 316 77
PROG d3-8888 61 100 3883.9 956 631 69
PROG d3-16-12-8-8 61 100 4332.5 4358 1458 262
PROG d4-4x4 61 100 3930.5 5366 1218 382
PROG d3-4444 62 100 2919.2 418 78 50
PROG d3-8666 62 100 3164.1 2637 322 200
PROG d3-8888 62 100 3843.6 1386 637 121
PROG d3-16-12-8-8 62 100 4354.6 5706 1490 375
PROG d4-4x4 62 100 3921.1 3348 1237 222
PROG d3-4444 63 100 2891.1 1149 78 101
PROG d3-8666 63 100 3131.6 1111 323 101
PROG d3-8888 63 100 3850.3 4266 648 298
PROG d3-16-12-8-8 63 100 4312.1 1677 1499 141
PROG d4-4x4 63 100 3875.1 1023 1244 85
PROG d3-4444 64 100 2901.1 3530 80 247
PROG d3-8666 64 100 3142.7 3847 329 273
PROG d3-8888 64 100 3794.9 303 649 33
PROG d3-16-12-8-8 64 100 4369.1 7959 1532 483
PROG d4-4x4 64 100 3828.5 893 1250 75
PROG d3-4444 65 100 2863.4 447 80 53
PROG d3-8666 65 100 3110.7 1062 331 101
PROG d3-8888 65 100 3748.9 805 653 81
PROG d3-16-12-8-8 65 100 4437.2 8795 1587 533
PROG d4-4x4 65 100 3800.2 1984 1264 156
PROG d3-4444 66 100 2865.8 3028 81 221
PROG d3-8666 66 100 3094.5 2038 335 150
PROG d3-8888 66 100 3748.2 3705 659 255
PROG d3-16-12-8-8 66 100 4415.2 2989 1605 220
PROG d4-4x4 66 100 3779.5 2440 1281 191
PROG d3-4444 67 100 2832.8 654 81 66
PROG d3-8666 67 100 3145.6 6517 342 428
PROG d3-8888 67 100 3742.5 3366 669 228
PROG d3-16-12-8-8 67 100 4351.6 151 1607 19
PROG d4-4x4 67 100 3769.5 3104 1298 231
PROG d3-4444 68 100 2812.9 1474 82 140
PROG d3-8666 68 100 3202.0 6985 351 396
PROG d3-8888 68 100 3742.0 3708 677 273
PROG d3-16-12-8-8 68 100 4371.9 5729 1634 382
PROG d4-4x4 68 100 3827.5 7718 1330 474
PROG d3-4444 69 100 2817.9 3159 83 231
PROG d3-8666 69 100 3220.0 4442 358 284
PROG d3-8888 69 100 3735.2 3276 686 226
PROG d3-16-12-8-8 69 100 4400.8 6371 1662 381
PROG d4-4x4 69 100 3934.2 11190 1368 665
PROG d3-4444 70 100 2798.9 1492 84 136
PROG d3-8666 70 100 3305.1 9181 370 528
PROG d3-8888 70 100 3768.9 6088 703 405
PROG d3-16-12-8-8 70 100 4358.6 1443 1673 128
PROG d4-4x4 70 100 3893.0 1048 1377 105
PROG d3-4444 71 100 2895.0 9623 87 545
PROG d3-8666 71 100 3263.6 359 372 37
PROG d3-8888 71 100 3817.3 7205 718 452
PROG d3-16-12-8-8 71 100 4312.8 1110 1681 99
PROG d4-4x4 71 100 3883.1 3187 1396 214
PROG d3-4444 72 100 2902.1 3403 89 231
PROG d3-8666 72 100 3273.8 3992 378 287
PROG d3-8888 72 100 3832.9 4943 734 328
PROG d3-16-12-8-8 72 100 4399.3 10540 1725 632
PROG d4-4x4 72 100 3848.9 1423 1403 115
PROG d3-4444 73 100 2938.7 5577 91 374
PROG d3-8666 73 100 3256.4 2008 382 157
PROG d3-8888 73 100 3795.1 1071 738 87
PROG d3-16-12-8-8 73 100 4402.3 4618 1748 308
PROG d4-4x4 73 100 3864.6 4994 1428 330
PROG d3-4444 74 100 2986.7 6490 93 421
PROG d3-8666 74 100 3262.7 3718 388 248
PROG d3-8888 74 100 3769.0 1864 745 160
PROG d3-16-12-8-8 74 100 4348.9 453 1752 46
PROG d4-4x4 74 100 3829.8 1293 1435 103
PROG d3-4444 75 100 2987.8 3070 94 224
PROG d3-8666 75 100 3229.7 792 390 72
PROG d3-8888 75 100 3761.0 3171 753 209
PROG d3-16-12-8-8 75 100 4308.5 1314 1762 106
PROG d4-4x4 75 100 3789.4 801 1439 67
PROG d3-4444 76 100 3028.9 6110 97 384
PROG d3-8666 76 100 3219.7 2467 394 181
PROG d3-8888 76 100 3777.7 5032 770 308
PROG d3-16-12-8-8 76 100 4312.9 4648 1788 323
PROG d4-4x4 76 100 3756.8 1312 1449 117
PROG d3-4444 77 100 3029.5 3070 98 213
PROG d3-8666 77 100 3221.1 3327 400 233
PROG d3-8888 77 100 3774.3 3512 778 229
PROG d3-16-12-8-8 77 100 4357.2 7722 1821 465
PROG d4-4x4 77 100 3731.2 1786 1459 145
PROG d3-4444 78 100 3087.6 7562 100 477
PROG d3-8666 78 100 3284.2 8142 411 501
PROG d3-8888 78 100 3800.9 5855 791 359
PROG d3-16-12-8-8 78 100 4313.2 928 1829 79
PROG d4-4x4 78 100 3809.9 9863 1495 565
PROG d3-4444 79 100 3079.6 2462 101 193
PROG d3-8666 79 100 3252.9 817 413 70
PROG d3-8888 79 100 3796.7 3467 801 238
PROG d3-16-12-8-8 79 100 4425.3 13163 1890 771
PROG d4-4x4 79 100 3770.7 718 1500 66
PROG d3-4444 80 100 3075.9 2784 102 182
PROG d3-8666 80 100 3233.6 1702 416 151
PROG d3-8888 80 100 3786.1 2948 806 210
PROG d3-16-12-8-8 80 100 4487.3 9389 1948 525
PROG d4-4x4 80 100 3749.3 2056 1512 165
PROG d3-4444 81 100 3039.5 122 103 17
PROG d3-8666 81 100 3232.2 3123 420 234
PROG d3-8888 81 100 3838.6 8038 821 492
PROG d3-16-12-8-8 81 100 4461.9 2431 1961 176
PROG d4-4x4 81 100 3761.5 4742 1538 299
PROG d3-4444 82 100 3051.9 4054 104 268
PROG d3-8666 82 100 3292.0 8137 429 478
PROG d3-8888 82 100 3805.7 1143 825 95
PROG d3-16-12-8-8 82 100 4434.6 2225 1977 161
PROG d4-4x4 82 100 3744.1 2329 1549 168
PROG d3-4444 83 100 3030.2 1258 104 112
PROG d3-8666 83 100 3260.6 689 430 68
PROG d3-8888 83 100 3774.6 1222 830 94
PROG d3-16-12-8-8 83 100 4507.6 10490 2029 595
PROG d4-4x4 83 100 3706.6 637 1555 63
PROG d3-4444 84 100 3011.5 1453 105 131
PROG d3-8666 84 100 3232.2 869 432 80
PROG d3-8888 84 100 3767.4 3167 839 242
PROG d3-16-12-8-8 84 100 4491.3 3135 2054 207
PROG d4-4x4 84 100 3729.1 5592 1583 371
PROG d3-4444 85 100 3020.7 3794 107 279
PROG d3-8666 85 100 3213.3 1629 434 119
PROG d3-8888 85 100 3731.0 680 842 68
PROG d3-16-12-8-8 85 100 4450.2 1002 2060 83
PROG d4-4x4 85 100 3726.8 3537 1604 242
PROG d3-4444 86 100 2994.9 801 107 80
PROG d3-8666 86 100 3185.7 841 436 70
PROG d3-8888 86 100 3699.5 1022 847 87
PROG d3-16-12-8-8 86 100 4416.5 1548 2069 123
PROG d4-4x4 86 100 3713.3 2566 1617 170
PROG d3-4444 87 100 2976.6 1405 108 104
PROG d3-8666 87 100 3233.3 7329 443 410
PROG d3-8888 87 100 3666.4 821 850 75
PROG d3-16-12-8-8 87 100 4380.2 1263 2080 100
PROG d4-4x4 87 100 3677.8 624 1622 56
PROG d3-4444 88 100 3030.4 7714 111 470
PROG d3-8666 88 100 3271.0 6551 451 403
PROG d3-8888 88 100 3660.6 3148 858 230
PROG d3-16-12-8-8 88 100 4352.0 1899 2090 132
PROG d4-4x4 88 100 3644.6 752 1629 75
PROG d3-4444 89 100 3046.3 4441 112 319
PROG d3-8666 89 100 3252.6 1631 454 134
PROG d3-8888 89 100 3637.4 1599 863 124
PROG d3-16-12-8-8 89 100 4440.0 12178 2136 695
PROG d4-4x4 89 100 3604.8 106 1629 11
PROG d3-4444 90 100 3115.6 9282 116 562
PROG d3-8666 90 100 3223.6 643 455 50
PROG d3-8888 90 100 3627.8 2777 871 179
PROG d3-16-12-8-8 90 100 4464.1 6615 2169 400
PROG d4-4x4 90 100 3566.1 125 1632 15
PROG d3-4444 91 100 3156.4 6833 118 419
PROG d3-8666 91 100 3221.8 3056 460 215
PROG d3-8888 91 100 3646.9 5366 885 357
PROG d3-16-12-8-8 91 100 4418.9 345 2173 41
PROG d4-4x4 91 100 3546.1 1741 1640 138
PROG d3-4444 92 100 3133.4 1041 118 79
PROG d3-8666 92 100 3204.5 1636 463 109
PROG d3-8888 92 100 3647.9 3733 894 231
PROG d3-16-12-8-8 92 100 4388.6 1636 2184 131
PROG d4-4x4 92 100 3518.0 965 1646 81
PROG d3-4444 93 100 3153.7 5023 120 301
PROG d3-8666 93 100 3205.0 3248 469 214
PROG d3-8888 93 100 3655.8 4386 908 264
PROG d3-16-12-8-8 93 100 4373.2 2955 2202 213
PROG d4-4x4 93 100 3500.2 1855 1655 157
PROG d3-4444 94 100 3133.2 1228 121 105
PROG d3-8666 94 100 3173.0 200 470 25
PROG d3-8888 94 100 3620.8 361 909 41
PROG d3-16-12-8-8 94 100 4333.0 592 2207 55
PROG d4-4x4 94 100 3481.1 1711 1666 140
PROG d3-4444 95 100 3157.2 5413 123 345
PROG d3-8666 95 100 3189.3 4719 477 316
PROG d3-8888 95 100 3733.1 14298 938 836
PROG d3-16-12-8-8 95 100 4342.8 5268 2235 340
PROG d4-4x4 95 100 3483.0 3656 1690 243
PROG d3-4444 96 100 3207.3 7963 126 491
PROG d3-8666 96 100 3160.6 437 478 52
PROG d3-8888 96 100 3697.2 285 939 29
PROG d3-16-12-8-8 96 100 4304.4 657 2240 66
PROG d4-4x4 96 100 3540.0 8960 1732 544
PROG d3-4444 97 100 3231.9 5595 128 368
PROG d3-8666 97 100 3158.2 2921 484 238
PROG d3-8888 97 100 3705.5 4498 953 280
PROG d3-16-12-8-8 97 100 4365.5 10229 2288 593
PROG d4-4x4 97 100 3530.2 2593 1750 200
PROG d3-4444 98 100 3287.1 8636 131 515
PROG d3-8666 98 100 3149.1 2272 488 160
PROG d3-8888 98 100 3687.1 1907 958 158
PROG d3-16-12-8-8 98 100 4438.3 11503 2345 637
PROG d4-4x4 98 100 3545.4 5018 1772 350
PROG d3-4444 99 100 3363.5 10857 135 649
PROG d3-8666 99 100 3137.2 1971 492 138
PROG d3-8888 99 100 3669.2 1916 964 144
PROG d3-16-12-8-8 99 100 4408.4 1475 2356 126
PROG d4-4x4 99 100 3514.2 453 1775 45
PROG d3-4444 100 100 3330.7 79 135 12
PROG d3-8666 100 100 3150.9 4503 498 301
PROG d3-8888 100 100 3699.5 6695 976 429
PROG d3-16-12-8-8 100 100 4369.6 529 2359 46
PROG d4-4x4 100 100 3479.9 85 1775 13
